FATAL [2,1]-[2,16]: Integer literal overflow
FATAL [3,1]-[3,23]: String literal with bad escape sequence detected
FATAL [6,28]-[6,29]: Illegal character &
FATAL [7,1]-[7,30]: Unterminated string literal detected
