STRINGLITERAL:"" [1,1]
STRINGLITERAL:"&!88" [2,1]
INTLITERAL:5 [2,9]
INTLITERAL:7 [2,11]
SLASH [3,5]
STRINGLITERAL:"use \n to denote a newline character" [4,1]
STRINGLITERAL:"use \" to  for a quote and \\ for a backslash" [5,1]
ID:_test [6,1]
INTLITERAL:0 [7,1]
EOF [9,1]
