ASSIGN [1,1]
COLON [1,3]
COMMA [1,4]
CROSS [1,6]
DASH [1,7]
EQUALS [2,1]
GREATER [2,4]
GREATEREQ [2,6]
LCURLY [2,9]
LESS [2,11]
LESSEQ [2,13]
LPAREN [3,1]
NOT [3,3]
NOTEQUALS [3,5]
POSTDEC [3,8]
POSTINC [3,11]
RCURLY [3,14]
RPAREN [4,1]
SEMICOL [4,3]
SLASH [4,5]
STAR [4,7]
EOF [5,1]
